// Jest Snapshot v1, https://goo.gl/fbAQLP

exports[`should render with background mainBg 1`] = `
.c0 {
  background: red;
}

<div
  class="c0"
>
  <h1>
    Hello!
  </h1>
</div>
`;
